// Jest Snapshot v1, https://goo.gl/fbAQLP

exports[`renders correctly 1`] = `
<div>
  <h1
    className="navbar-h1"
  >
    Math Magicians
  </h1>
</div>
`;
